[kitchen-sale.xyz/product-details/d9d4f495e875a2e075a1a4a6e1b9770f.html]
[kitchen-sale.xyz/index.html]
[backblue.gif]
[fade.gif]
[index.html]
[connect.facebook.net/en_US/fbevents.js]
[kitchen-sale.xyz/assets/css/bootstrap.min.css]
[kitchen-sale.xyz/assets/css/custom.css]
[static-assets-web.flixcart.com/batman-returns/batman-returns/p/images/logo_lite-cbb357.png]
[kitchen-sale.xyz/api_services/manage.json]
[kitchen-sale.xyz/img/Q18Ifxk.png]
[kitchen-sale.xyz/external452e452e452e452e452e.html]
[rukminim1.flixcart.com/flap/151/143/image/033f3268031fa0ba0e0e.jpg]
[rukminim1.flixcart.com/flap/151/143/image/0f3d008be60995d40e0e.jpg]
[rukminim1.flixcart.com/flap/151/143/image/42f9a853f91812790e0e.jpg]
[rukminim1.flixcart.com/flap/151/143/image/cbcb4787446357810e0e.jpg]
[rukminim1.flixcart.com/flap/151/143/image/913e96c334d043950e0e.jpg]
[rukminim1.flixcart.com/flap/151/143/image/1faac897db7fa1e80e0e.jpg]
[rukminim1.flixcart.com/flap/151/143/image/4be8a679014497f00e0e.png]
[rukminim1.flixcart.com/flap/151/143/image/6ecb75e51b6078800e0e.jpg]
[rukminim1.flixcart.com/flap/151/143/image/3e6d75f631ab60550e0e.jpg]
[rukminim1.flixcart.com/flap/151/143/image/89d809684711712a0e0e.jpg]
[rukminim1.flixcart.com/fk-p-flap/151/143/image/4b0a064d53b4ff280e0e.jpg]
[rukminim1.flixcart.com/fk-p-flap/151/143/image/418dfd603e7301850e0e.jpg]
[rukminim1.flixcart.com/flap/151/143/image/356d37e9512c7fcb0e0e.jpg]
[rukminim1.flixcart.com/flap/151/143/image/aeb7da37a9e852090e0e.jpg]
[rukminim1.flixcart.com/fk-p-flap/151/143/image/824aa3a83b4057eb0e0e.jpg]
[kitchen-sale.xyz/assets/images/photo.webp]
[kitchen-sale.xyz/assets/images/banner04.jpg]
[kitchen-sale.xyz/assets/images/Flipkart-Independence-Day-Sale.jpg]
[kitchen-sale.xyz/assets/images/flipkart-upcoming-sale-3.webp]
[kitchen-sale.xyz/assets/images/WhatsApp Image 2024-12-16 at 11.40.36 AM.jpg]
[kitchen-sale.xyz/assets/images/theme/clock.svg]
[kitchen-sale.xyz/files/1.jpg]
[kitchen-sale.xyz/img/SwOvZ3r.png]
[rukminim2.flixcart.com/fk-p-flap/812/316/image/26e555f695916ded.jpg]
[kitchen-sale.xyz/assets/js/jquery.min.js]
[kitchen-sale.xyz/assets/js/bootstrap.min.js]
[kitchen-sale.xyz/assets/js/relativeTime.js]
[kitchen-sale.xyz/assets/js/days.min.js]
[kitchen-sale.xyz/assets/js/custom.js]
[kitchen-sale.xyz/index.html]
[kitchen-sale.xyz/assets/js/manage_index.js]
[kitchen-sale.xyz/product-details/external452e452e452e452e452e.html]
[kitchen-sale.xyz/img/back.png]
[kitchen-sale.xyz/files/12.38.delayed]
[kitchen-sale.xyz/assets/images/plue-fassured.png]
[kitchen-sale.xyz/assets/images/pay-latter.png]
[kitchen-sale.xyz/assets/images/replacement.png]
[kitchen-sale.xyz/assets/images/non-cod.png]
[kitchen-sale.xyz/assets/images/nnnpp.png]
[kitchen-sale.xyz/product-details/d9d4f495e875a2e075a1a4a6e1b9770f.html]
[kitchen-sale.xyz/assets/js/manage_product.js]
[kitchen-sale.xyz/a]
[kitchen-sale.xyz/POST]
[kitchen-sale.xyz/b.resolvedLink]
[kitchen-sale.xyz/signals/iwl.js]
[connect.facebook.net/en_US/fbevents.js]
[kitchen-sale.xyz/assets/css/bootstrap.min.css]
[kitchen-sale.xyz/schema.org/index.html]
[kitchen-sale.xyz/assets/images/theme/search.svg]
[kitchen-sale.xyz/img/share.png]
[kitchen-sale.xyz/assets/css/custom.css]
[kitchen-sale.xyz/img/love.png]
[kitchen-sale.xyz/api_services/index.html]
[kitchen-sale.xyz/admin_panel/index.html]
[kitchen-sale.xyz/assets/images/theme/bars.svg]
[kitchen-sale.xyz/external452e452e452e452e452e.html]
[kitchen-sale.xyz/assets/images/theme/clock.svg]
[kitchen-sale.xyz/files/1.html]
[kitchen-sale.xyz/assets/js/jquery.min.js]
[kitchen-sale.xyz/popper.js]
[kitchen-sale.xyz/assets/js/bootstrap.min.js]
[kitchen-sale.xyz/assets/js/relativeTime.js]
[kitchen-sale.xyz/assets/js/days.min.js]
[kitchen-sale.xyz/assets/js/custom.js]
[kitchen-sale.xyz/assets/js/manage_index.js]
[kitchen-sale.xyz/product-details/external452e452e452e452e452e.html]
[kitchen-sale.xyz/files/12.html]
[kitchen-sale.xyz/assets/js/manage_product.js]
[kitchen-sale.xyz/a.html]
[kitchen-sale.xyz/POST.html]
[kitchen-sale.xyz/schema.org/index.html]
[kitchen-sale.xyz/b.html]
[kitchen-sale.xyz/signals/iwl.html]
[kitchen-sale.xyz/assets/images/theme/search.svg]
[kitchen-sale.xyz/popper.html]
[kitchen-sale.xyz/product-details/external452e452e452e452e.html]
[kitchen-sale.xyz/product-details/external452e452e452e452e.html]
